// Jest Snapshot v1, https://goo.gl/fbAQLP

exports[`LoginPage if user is Logged in matches snapshot 1`] = `
<LoginPage
  authReducer={
    Object {
      "isLogged": true,
    }
  }
  dispatch={[MockFunction]}
  goHome={
    [MockFunction] {
      "calls": Array [
        Array [],
      ],
      "results": Array [
        Object {
          "isThrow": false,
          "value": undefined,
        },
      ],
    }
  }
  goLoginPage={[MockFunction]}
>
  <div
    className="login-page-wrapper"
  >
    <div
      className="background-image-login-page"
      onMouseMove={[Function]}
      style={
        Object {
          "transform": "translate(0px, 0px) scale(1.2)",
        }
      }
    />
    <div
      className="login-button-label-wrapper"
      onMouseMove={[Function]}
    >
      <h2>
        Please Log in with
      </h2>
      <div
        className="spotify-icon-black"
      />
      <button
        className="login-button"
      >
        Log in
      </button>
    </div>
  </div>
</LoginPage>
`;
