// Jest Snapshot v1, https://goo.gl/fbAQLP

exports[`LoginPage with shallow wrapper matches snapshot 1`] = `
<div
  className="login-page-wrapper"
>
  <div
    className="background-image-login-page"
    onMouseMove={[Function]}
  />
  <div
    className="login-button-label-wrapper"
    onMouseMove={[Function]}
  >
    <h2>
      Please Log in with
    </h2>
    <div
      className="spotify-icon-black"
    />
    <button
      className="login-button"
      onClick={[Function]}
    >
      Log in
    </button>
  </div>
</div>
`;
