// Jest Snapshot v1, https://goo.gl/fbAQLP

exports[`SearchBar testing methods matches snapshot 1`] = `
<SearchBar
  getSearchResults={
    [MockFunction] {
      "calls": Array [
        Array [
          "some value",
        ],
        Array [
          "value",
        ],
      ],
      "results": Array [
        Object {
          "isThrow": false,
          "value": undefined,
        },
        Object {
          "isThrow": false,
          "value": undefined,
        },
      ],
    }
  }
  setSearchQuery={
    [MockFunction] {
      "calls": Array [
        Array [
          "some value",
        ],
        Array [
          "value",
        ],
      ],
      "results": Array [
        Object {
          "isThrow": false,
          "value": undefined,
        },
        Object {
          "isThrow": false,
          "value": undefined,
        },
      ],
    }
  }
>
  <div
    className="search-bar-wrapper"
  >
    <form
      className="col-md-12 col-xs-12 search-input-wrapper"
    >
      <input
        className="search-input"
        onChange={[Function]}
        placeholder="Search a song"
        value=""
      />
      <button
        className="search-button btn glyphicon glyphicon-search"
        onClick={[Function]}
        type="submit"
      />
    </form>
    <span
      className="col-md-12 col-xs-12 error-message-input"
    />
  </div>
</SearchBar>
`;
