// Jest Snapshot v1, https://goo.gl/fbAQLP

exports[`App matches snapshot 1`] = `
<div
  className="base-container"
>
  <div
    className="header-container"
  />
  <Switch>
    <Route
      component={[Function]}
      exact={true}
      path="/"
    />
    <Route
      component={[Function]}
      exact={true}
      path="/callback"
    />
    <Route
      component={[Function]}
      path="/search"
    />
    <Route
      component={[Function]}
      path="/login"
    />
    <Route
      component={[Function]}
    />
  </Switch>
</div>
`;
